Archive member included to satisfy reference by file (symbol)

c:/devkitpro/devkitarm/bin/../lib/gcc/arm-none-eabi/6.3.0/../../../../arm-none-eabi/lib/thumb\libg.a(lib_a-init.o)
                              c:/devkitpro/devkitarm/bin/../lib/gcc/arm-none-eabi/6.3.0/../../../../arm-none-eabi/lib/thumb/gba_crt0.o (__libc_init_array)
c:/devkitpro/devkitarm/bin/../lib/gcc/arm-none-eabi/6.3.0/../../../../arm-none-eabi/lib/thumb\libsysbase.a(malloc_vars.o)
                              c:/devkitpro/devkitarm/bin/../lib/gcc/arm-none-eabi/6.3.0/../../../../arm-none-eabi/lib/thumb/gba_crt0.o (fake_heap_end)

Allocating common symbols
Common symbol       size              file

snake               0x28              main.o
key_cur             0x2               main.o
key_prev            0x2               main.o

Discarded input sections

 .text          0x00000000        0x0 c:/devkitpro/devkitarm/bin/../lib/gcc/arm-none-eabi/6.3.0/../../../../arm-none-eabi/lib/thumb/gba_crt0.o
 .data          0x00000000        0x0 c:/devkitpro/devkitarm/bin/../lib/gcc/arm-none-eabi/6.3.0/../../../../arm-none-eabi/lib/thumb/gba_crt0.o
 .bss           0x00000000        0x0 c:/devkitpro/devkitarm/bin/../lib/gcc/arm-none-eabi/6.3.0/../../../../arm-none-eabi/lib/thumb/gba_crt0.o
 .text          0x00000000        0x0 c:/devkitpro/devkitarm/bin/../lib/gcc/arm-none-eabi/6.3.0/thumb/crti.o
 .data          0x00000000        0x0 c:/devkitpro/devkitarm/bin/../lib/gcc/arm-none-eabi/6.3.0/thumb/crti.o
 .bss           0x00000000        0x0 c:/devkitpro/devkitarm/bin/../lib/gcc/arm-none-eabi/6.3.0/thumb/crti.o
 .text          0x00000000        0x0 c:/devkitpro/devkitarm/bin/../lib/gcc/arm-none-eabi/6.3.0/thumb/crtbegin.o
 .data          0x00000000        0x0 c:/devkitpro/devkitarm/bin/../lib/gcc/arm-none-eabi/6.3.0/thumb/crtbegin.o
 .bss           0x00000000        0x0 c:/devkitpro/devkitarm/bin/../lib/gcc/arm-none-eabi/6.3.0/thumb/crtbegin.o
 .data.__dso_handle
                0x00000000        0x4 c:/devkitpro/devkitarm/bin/../lib/gcc/arm-none-eabi/6.3.0/thumb/crtbegin.o
 .data          0x00000000        0x0 drawing.o
 .bss           0x00000000        0x0 drawing.o
 .text          0x00000000        0x0 input.o
 .data          0x00000000        0x0 input.o
 .bss           0x00000000        0x0 input.o
 .debug_line    0x00000000        0x0 input.o
 .debug_str     0x00000000       0x94 input.o
 .comment       0x00000000       0x23 input.o
 .ARM.attributes
                0x00000000       0x2c input.o
 .text          0x00000000       0xac main.o
 .data          0x00000000        0x0 main.o
 .bss           0x00000000        0x4 main.o
 .data          0x00000000        0x0 snake.o
 .bss           0x00000000        0x0 snake.o
 .text          0x00000000       0x9c text.o
 .data          0x00000000        0x0 text.o
 .bss           0x00000000        0x0 text.o
 .rodata        0x00000000      0x300 text.o
 .debug_info    0x00000000      0x163 text.o
 .debug_abbrev  0x00000000       0xd2 text.o
 .debug_loc     0x00000000      0x11f text.o
 .debug_aranges
                0x00000000       0x20 text.o
 .debug_ranges  0x00000000       0x58 text.o
 .debug_line    0x00000000       0x8e text.o
 .debug_str     0x00000000      0x10c text.o
 .comment       0x00000000       0x23 text.o
 .debug_frame   0x00000000       0x38 text.o
 .ARM.attributes
                0x00000000       0x2c text.o
 .text          0x00000000        0x0 c:/devkitpro/devkitarm/bin/../lib/gcc/arm-none-eabi/6.3.0/../../../../arm-none-eabi/lib/thumb\libg.a(lib_a-init.o)
 .data          0x00000000        0x0 c:/devkitpro/devkitarm/bin/../lib/gcc/arm-none-eabi/6.3.0/../../../../arm-none-eabi/lib/thumb\libg.a(lib_a-init.o)
 .bss           0x00000000        0x0 c:/devkitpro/devkitarm/bin/../lib/gcc/arm-none-eabi/6.3.0/../../../../arm-none-eabi/lib/thumb\libg.a(lib_a-init.o)
 .text          0x00000000        0x0 c:/devkitpro/devkitarm/bin/../lib/gcc/arm-none-eabi/6.3.0/../../../../arm-none-eabi/lib/thumb\libsysbase.a(malloc_vars.o)
 .data          0x00000000        0x0 c:/devkitpro/devkitarm/bin/../lib/gcc/arm-none-eabi/6.3.0/../../../../arm-none-eabi/lib/thumb\libsysbase.a(malloc_vars.o)
 .bss           0x00000000        0x0 c:/devkitpro/devkitarm/bin/../lib/gcc/arm-none-eabi/6.3.0/../../../../arm-none-eabi/lib/thumb\libsysbase.a(malloc_vars.o)
 .bss.fake_heap_start
                0x00000000        0x4 c:/devkitpro/devkitarm/bin/../lib/gcc/arm-none-eabi/6.3.0/../../../../arm-none-eabi/lib/thumb\libsysbase.a(malloc_vars.o)
 .text          0x00000000        0x0 c:/devkitpro/devkitarm/bin/../lib/gcc/arm-none-eabi/6.3.0/thumb/crtend.o
 .data          0x00000000        0x0 c:/devkitpro/devkitarm/bin/../lib/gcc/arm-none-eabi/6.3.0/thumb/crtend.o
 .bss           0x00000000        0x0 c:/devkitpro/devkitarm/bin/../lib/gcc/arm-none-eabi/6.3.0/thumb/crtend.o
 .text          0x00000000        0x0 c:/devkitpro/devkitarm/bin/../lib/gcc/arm-none-eabi/6.3.0/thumb/crtn.o
 .data          0x00000000        0x0 c:/devkitpro/devkitarm/bin/../lib/gcc/arm-none-eabi/6.3.0/thumb/crtn.o
 .bss           0x00000000        0x0 c:/devkitpro/devkitarm/bin/../lib/gcc/arm-none-eabi/6.3.0/thumb/crtn.o

Memory Configuration

Name             Origin             Length             Attributes
rom              0x08000000         0x02000000
iwram            0x03000000         0x00008000
ewram            0x02000000         0x00040000
*default*        0x00000000         0xffffffff

Linker script and memory map

                0x02000000                __text_start = ORIGIN (ewram)
                0x02040000                __eheap_end = (ORIGIN (ewram) + LENGTH (ewram))
                0x03000000                __iwram_start = ORIGIN (iwram)
                0x03008000                __iwram_top = (ORIGIN (iwram) + LENGTH (iwram))
                0x03007fa0                __sp_irq = (__iwram_top - 0x60)
                0x03007f00                __sp_usr = (__sp_irq - 0xa0)
                0x03007ff8                __irq_flags = 0x3007ff8
                0x02000000                . = __text_start
                0x02000000                . = __text_start

.crt0           0x02000000      0x210
 *(.crt0)
 .crt0          0x02000000      0x210 c:/devkitpro/devkitarm/bin/../lib/gcc/arm-none-eabi/6.3.0/../../../../arm-none-eabi/lib/thumb/gba_crt0.o
                0x02000000                _start
                0x020000c4                __boot_method
                0x020000c5                __slave_number
                0x020000e0                start_vector
                0x02000210                . = ALIGN (0x4)

.init           0x02000210        0xc
 *(SORT(.init))
 .init          0x02000210        0x4 c:/devkitpro/devkitarm/bin/../lib/gcc/arm-none-eabi/6.3.0/thumb/crti.o
                0x02000210                _init
 .init          0x02000214        0x8 c:/devkitpro/devkitarm/bin/../lib/gcc/arm-none-eabi/6.3.0/thumb/crtn.o

.plt            0x0200021c        0x0
 *(.plt)
                0x0200021c                . = ALIGN (0x4)

.text           0x0200021c      0x6a4
 *(EXCLUDE_FILE(*.iwram*) .text)
 .text          0x0200021c      0x250 drawing.o
                0x0200021c                drawRect
                0x02000364                drawRect2
 .text          0x0200046c       0xcc snake.o
                0x0200046c                InitSnake
                0x0200048c                DrawSnake
                0x020004c0                UpdateSnake
                0x02000528                UpdateVelocityX
                0x02000530                UpdateVelocityY
 *(.text .stub .text.* .gnu.linkonce.t.*)
 .text.deregister_tm_clones
                0x02000538       0x30 c:/devkitpro/devkitarm/bin/../lib/gcc/arm-none-eabi/6.3.0/thumb/crtbegin.o
 .text.register_tm_clones
                0x02000568       0x34 c:/devkitpro/devkitarm/bin/../lib/gcc/arm-none-eabi/6.3.0/thumb/crtbegin.o
 .text.__do_global_dtors_aux
                0x0200059c       0x30 c:/devkitpro/devkitarm/bin/../lib/gcc/arm-none-eabi/6.3.0/thumb/crtbegin.o
 .text.frame_dummy
                0x020005cc       0x48 c:/devkitpro/devkitarm/bin/../lib/gcc/arm-none-eabi/6.3.0/thumb/crtbegin.o
 .text.startup  0x02000614      0x254 main.o
                0x02000614                main
 .text.__libc_init_array
                0x02000868       0x58 c:/devkitpro/devkitarm/bin/../lib/gcc/arm-none-eabi/6.3.0/../../../../arm-none-eabi/lib/thumb\libg.a(lib_a-init.o)
                0x02000868                __libc_init_array
 *(.text.*personality*)
 *(.gnu.warning)
 *(.glue_7t)
 .glue_7t       0x020008c0        0x0 linker stubs
 *(.glue_7)
 .glue_7        0x020008c0        0x0 linker stubs
 *(.vfp11_veneer)
 .vfp11_veneer  0x020008c0        0x0 linker stubs
                0x020008c0                . = ALIGN (0x4)
                0x020008c0                __text_end = .

.v4_bx          0x020008c0        0x0
 .v4_bx         0x020008c0        0x0 linker stubs

.iplt           0x020008c0        0x0
 .iplt          0x020008c0        0x0 c:/devkitpro/devkitarm/bin/../lib/gcc/arm-none-eabi/6.3.0/../../../../arm-none-eabi/lib/thumb/gba_crt0.o

.fini           0x020008c0        0xc
 *(.fini)
 .fini          0x020008c0        0x4 c:/devkitpro/devkitarm/bin/../lib/gcc/arm-none-eabi/6.3.0/thumb/crti.o
                0x020008c0                _fini
 .fini          0x020008c4        0x8 c:/devkitpro/devkitarm/bin/../lib/gcc/arm-none-eabi/6.3.0/thumb/crtn.o
                0x020008cc                . = ALIGN (0x4)

.rodata         0x020008cc        0x0
 *(.rodata)
 *all.rodata*(*)
 *(.roda)
 *(.rodata.*)
 *(.gnu.linkonce.r*)
                0x020008cc                . = ALIGN (0x4)

.ARM.extab
 *(.ARM.extab* .gnu.linkonce.armextab.*)
                0x020008cc                __exidx_start = .

.ARM.exidx
 *(.ARM.exidx* .gnu.linkonce.armexidx.*)
                0x020008cc                __exidx_end = .
                0x020008cc                . = ALIGN (0x4)
                0x020008cc                PROVIDE (__preinit_array_start, .)

.preinit_array
 *(.preinit_array)
                0x020008cc                PROVIDE (__preinit_array_end, .)
                0x020008cc                PROVIDE (__init_array_start, .)

.init_array     0x020008cc        0x4
 *(.init_array)
 .init_array    0x020008cc        0x4 c:/devkitpro/devkitarm/bin/../lib/gcc/arm-none-eabi/6.3.0/thumb/crtbegin.o
                0x020008d0                PROVIDE (__init_array_end, .)
                [!provide]                PROVIDE (__fini_array_start, .)

.fini_array     0x020008d0        0x4
 *(.fini_array)
 .fini_array    0x020008d0        0x4 c:/devkitpro/devkitarm/bin/../lib/gcc/arm-none-eabi/6.3.0/thumb/crtbegin.o
                [!provide]                PROVIDE (__fini_array_end, .)

.ctors          0x020008d4        0x0
 *crtbegin.o(.ctors)
 *(EXCLUDE_FILE(*crtend.o) .ctors)
 *(SORT(.ctors.*))
 *(.ctors)
                0x020008d4                . = ALIGN (0x4)

.dtors          0x020008d4        0x0
 *crtbegin.o(.dtors)
 *(EXCLUDE_FILE(*crtend.o) .dtors)
 *(SORT(.dtors.*))
 *(.dtors)
                0x020008d4                . = ALIGN (0x4)

.jcr            0x020008d4        0x4
 *(.jcr)
 .jcr           0x020008d4        0x0 c:/devkitpro/devkitarm/bin/../lib/gcc/arm-none-eabi/6.3.0/thumb/crtbegin.o
 .jcr           0x020008d4        0x4 c:/devkitpro/devkitarm/bin/../lib/gcc/arm-none-eabi/6.3.0/thumb/crtend.o

.eh_frame       0x020008d8        0x4
 *(.eh_frame)
 .eh_frame      0x020008d8        0x0 c:/devkitpro/devkitarm/bin/../lib/gcc/arm-none-eabi/6.3.0/thumb/crtbegin.o
 .eh_frame      0x020008d8        0x4 c:/devkitpro/devkitarm/bin/../lib/gcc/arm-none-eabi/6.3.0/thumb/crtend.o
                0x020008dc                . = ALIGN (0x4)

.rel.dyn        0x020008dc        0x0
 .rel.iplt      0x020008dc        0x0 c:/devkitpro/devkitarm/bin/../lib/gcc/arm-none-eabi/6.3.0/../../../../arm-none-eabi/lib/thumb/gba_crt0.o

.gcc_except_table
                0x020008dc        0x0
 *(.gcc_except_table)
                0x020008dc                . = ALIGN (0x4)
                0x020008dc                __iwram_lma = .

.iwram          0x03000000        0x0 load address 0x020008dc
                0x03000000                __iwram_start__ = ABSOLUTE (.)
 *(.iwram)
 *iwram.*(.text)
                0x03000000                . = ALIGN (0x4)
                0x03000000                __iwram_end__ = ABSOLUTE (.)
                0x020008dc                __data_lma = (__iwram_lma + SIZEOF (.iwram))

.bss            0x03000000       0x4c
                0x03000000                __bss_start__ = ABSOLUTE (.)
 *(.dynbss)
 *(.gnu.linkonce.b*)
 *(.bss*)
 .bss.completed.6497
                0x03000000        0x1 c:/devkitpro/devkitarm/bin/../lib/gcc/arm-none-eabi/6.3.0/thumb/crtbegin.o
 *fill*         0x03000001        0x3 
 .bss.object.6502
                0x03000004       0x18 c:/devkitpro/devkitarm/bin/../lib/gcc/arm-none-eabi/6.3.0/thumb/crtbegin.o
 .bss.fake_heap_end
                0x0300001c        0x4 c:/devkitpro/devkitarm/bin/../lib/gcc/arm-none-eabi/6.3.0/../../../../arm-none-eabi/lib/thumb\libsysbase.a(malloc_vars.o)
                0x0300001c                fake_heap_end
 *(COMMON)
 COMMON         0x03000020       0x2c main.o
                0x03000020                snake
                0x03000048                key_cur
                0x0300004a                key_prev
                0x0300004c                . = ALIGN (0x4)
                0x0300004c                __bss_end__ = ABSOLUTE (.)

.data           0x0300004c        0x0 load address 0x020008dc
                0x0300004c                __data_start__ = ABSOLUTE (.)
 *(.data)
 *(.data.*)
 *(.gnu.linkonce.d*)
                0x0300004c                . = ALIGN (0x4)
                0x0300004c                __data_end__ = ABSOLUTE (.)
                0x020008dc                __iwram_overlay_lma = (__data_lma + SIZEOF (.data))
                [!provide]                PROVIDE (edata, .)
                0x0300004c                __iwram_overlay_start = .

.igot.plt       0x03000000        0x0
 .igot.plt      0x03000000        0x0 c:/devkitpro/devkitarm/bin/../lib/gcc/arm-none-eabi/6.3.0/../../../../arm-none-eabi/lib/thumb/gba_crt0.o

.tm_clone_table
                0x03000000        0x0
 .tm_clone_table
                0x03000000        0x0 c:/devkitpro/devkitarm/bin/../lib/gcc/arm-none-eabi/6.3.0/thumb/crtbegin.o
 .tm_clone_table
                0x03000000        0x0 c:/devkitpro/devkitarm/bin/../lib/gcc/arm-none-eabi/6.3.0/thumb/crtend.o

.iwram0         0x0300004c        0x0 load address 0x020008dc
 *(.iwram0)
                0x0300004c                . = ALIGN (0x4)
                0x020008dc                PROVIDE (__load_start_iwram0, LOADADDR (.iwram0))
                0x020008dc                PROVIDE (__load_stop_iwram0, (LOADADDR (.iwram0) + SIZEOF (.iwram0)))

.iwram1         0x0300004c        0x0
 *(.iwram1)
                0x0300004c                . = ALIGN (0x4)
                [!provide]                PROVIDE (__load_start_iwram1, LOADADDR (.iwram1))
                [!provide]                PROVIDE (__load_stop_iwram1, (LOADADDR (.iwram1) + SIZEOF (.iwram1)))

.iwram2         0x0300004c        0x0
 *(.iwram2)
                0x0300004c                . = ALIGN (0x4)
                [!provide]                PROVIDE (__load_start_iwram2, LOADADDR (.iwram2))
                [!provide]                PROVIDE (__load_stop_iwram2, (LOADADDR (.iwram2) + SIZEOF (.iwram2)))

.iwram3         0x0300004c        0x0
 *(.iwram3)
                0x0300004c                . = ALIGN (0x4)
                [!provide]                PROVIDE (__load_start_iwram3, LOADADDR (.iwram3))
                [!provide]                PROVIDE (__load_stop_iwram3, (LOADADDR (.iwram3) + SIZEOF (.iwram3)))

.iwram4         0x0300004c        0x0
 *(.iwram4)
                0x0300004c                . = ALIGN (0x4)
                [!provide]                PROVIDE (__load_start_iwram4, LOADADDR (.iwram4))
                [!provide]                PROVIDE (__load_stop_iwram4, (LOADADDR (.iwram4) + SIZEOF (.iwram4)))

.iwram5         0x0300004c        0x0
 *(.iwram5)
                0x0300004c                . = ALIGN (0x4)
                [!provide]                PROVIDE (__load_start_iwram5, LOADADDR (.iwram5))
                [!provide]                PROVIDE (__load_stop_iwram5, (LOADADDR (.iwram5) + SIZEOF (.iwram5)))

.iwram6         0x0300004c        0x0
 *(.iwram6)
                0x0300004c                . = ALIGN (0x4)
                [!provide]                PROVIDE (__load_start_iwram6, LOADADDR (.iwram6))
                [!provide]                PROVIDE (__load_stop_iwram6, (LOADADDR (.iwram6) + SIZEOF (.iwram6)))

.iwram7         0x0300004c        0x0
 *(.iwram7)
                0x0300004c                . = ALIGN (0x4)
                [!provide]                PROVIDE (__load_start_iwram7, LOADADDR (.iwram7))
                [!provide]                PROVIDE (__load_stop_iwram7, (LOADADDR (.iwram7) + SIZEOF (.iwram7)))

.iwram8         0x0300004c        0x0
 *(.iwram8)
                0x0300004c                . = ALIGN (0x4)
                [!provide]                PROVIDE (__load_start_iwram8, LOADADDR (.iwram8))
                [!provide]                PROVIDE (__load_stop_iwram8, (LOADADDR (.iwram8) + SIZEOF (.iwram8)))

.iwram9         0x0300004c        0x0
 *(.iwram9)
                0x0300004c                . = ALIGN (0x4)
                [!provide]                PROVIDE (__load_start_iwram9, LOADADDR (.iwram9))
                [!provide]                PROVIDE (__load_stop_iwram9, (LOADADDR (.iwram9) + SIZEOF (.iwram9)))
                0x020008dc                __ewram_lma = ((((((((((LOADADDR (.iwram0) + SIZEOF (.iwram0)) + SIZEOF (.iwram1)) + SIZEOF (.iwram2)) + SIZEOF (.iwram3)) + SIZEOF (.iwram4)) + SIZEOF (.iwram5)) + SIZEOF (.iwram6)) + SIZEOF (.iwram7)) + SIZEOF (.iwram8)) + SIZEOF (.iwram9))
                0x020008dc                __iwram_overlay_end = __ewram_lma
                0x020008dc                __ewram_start = __ewram_lma

.ewram          0x020008dc        0x0
 *(.ewram)
                0x020008dc                . = ALIGN (0x4)
                0x020008dc                __ewram_end = ABSOLUTE (.)
                0x020008dc                __ewram_overlay_lma = (__ewram_lma + SIZEOF (.ewram))

.sbss           0x020008dc        0x0
                0x020008dc                __sbss_start__ = ABSOLUTE (.)
 *(.sbss)
                0x020008dc                . = ALIGN (0x4)
                0x020008dc                __sbss_end__ = ABSOLUTE (.)
                0x020008dc                __end__ = ABSOLUTE (.)
                0x020008dc                __eheap_start = ABSOLUTE (.)

.ewram0         0x020008dc        0x0
 *(.ewram0)
                0x020008dc                . = ALIGN (0x4)
                [!provide]                PROVIDE (__load_start_ewram0, LOADADDR (.ewram0))
                [!provide]                PROVIDE (__load_stop_ewram0, (LOADADDR (.ewram0) + SIZEOF (.ewram0)))

.ewram1         0x020008dc        0x0
 *(.ewram1)
                0x020008dc                . = ALIGN (0x4)
                [!provide]                PROVIDE (__load_start_ewram1, LOADADDR (.ewram1))
                [!provide]                PROVIDE (__load_stop_ewram1, (LOADADDR (.ewram1) + SIZEOF (.ewram1)))

.ewram2         0x020008dc        0x0
 *(.ewram2)
                0x020008dc                . = ALIGN (0x4)
                [!provide]                PROVIDE (__load_start_ewram2, LOADADDR (.ewram2))
                [!provide]                PROVIDE (__load_stop_ewram2, (LOADADDR (.ewram2) + SIZEOF (.ewram2)))

.ewram3         0x020008dc        0x0
 *(.ewram3)
                0x020008dc                . = ALIGN (0x4)
                [!provide]                PROVIDE (__load_start_ewram3, LOADADDR (.ewram3))
                [!provide]                PROVIDE (__load_stop_ewram3, (LOADADDR (.ewram3) + SIZEOF (.ewram3)))

.ewram4         0x020008dc        0x0
 *(.ewram4)
                0x020008dc                . = ALIGN (0x4)
                [!provide]                PROVIDE (__load_start_ewram4, LOADADDR (.ewram4))
                [!provide]                PROVIDE (__load_stop_ewram4, (LOADADDR (.ewram4) + SIZEOF (.ewram4)))

.ewram5         0x020008dc        0x0
 *(.ewram5)
                0x020008dc                . = ALIGN (0x4)
                [!provide]                PROVIDE (__load_start_ewram5, LOADADDR (.ewram5))
                [!provide]                PROVIDE (__load_stop_ewram5, (LOADADDR (.ewram5) + SIZEOF (.ewram5)))

.ewram6         0x020008dc        0x0
 *(.ewram6)
                0x020008dc                . = ALIGN (0x4)
                [!provide]                PROVIDE (__load_start_ewram6, LOADADDR (.ewram6))
                [!provide]                PROVIDE (__load_stop_ewram6, (LOADADDR (.ewram6) + SIZEOF (.ewram6)))

.ewram7         0x020008dc        0x0
 *(.ewram7)
                0x020008dc                . = ALIGN (0x4)
                [!provide]                PROVIDE (__load_start_ewram7, LOADADDR (.ewram7))
                [!provide]                PROVIDE (__load_stop_ewram7, (LOADADDR (.ewram7) + SIZEOF (.ewram7)))

.ewram8         0x020008dc        0x0
 *(.ewram8)
                0x020008dc                . = ALIGN (0x4)
                [!provide]                PROVIDE (__load_start_ewram8, LOADADDR (.ewram8))
                [!provide]                PROVIDE (__load_stop_ewram8, (LOADADDR (.ewram8) + SIZEOF (.ewram8)))

.ewram9         0x020008dc        0x0
 *(.ewram9)
                0x020008dc                . = ALIGN (0x4)
                [!provide]                PROVIDE (__load_start_ewram9, LOADADDR (.ewram9))
                [!provide]                PROVIDE (__load_stop_ewram9, (LOADADDR (.ewram9) + SIZEOF (.ewram9)))
                0x020008dc                __ewram_overlay_end = ABSOLUTE (.)
                0x020008dc                __eheap_start = __ewram_overlay_end
                0x020008dc                _end = __ewram_overlay_end
                0x020008dc                __end__ = __ewram_overlay_end
                0x020008dc                __rom_end__ = __ewram_overlay_end

.stab
 *(.stab)

.stabstr
 *(.stabstr)

.stab.excl
 *(.stab.excl)

.stab.exclstr
 *(.stab.exclstr)

.stab.index
 *(.stab.index)

.stab.indexstr
 *(.stab.indexstr)

.comment        0x00000000       0x22
 *(.comment)
 .comment       0x00000000       0x22 c:/devkitpro/devkitarm/bin/../lib/gcc/arm-none-eabi/6.3.0/thumb/crtbegin.o
                                 0x23 (size before relaxing)
 .comment       0x00000022       0x23 drawing.o
 .comment       0x00000022       0x23 main.o
 .comment       0x00000022       0x23 snake.o
 .comment       0x00000022       0x23 c:/devkitpro/devkitarm/bin/../lib/gcc/arm-none-eabi/6.3.0/../../../../arm-none-eabi/lib/thumb\libg.a(lib_a-init.o)
 .comment       0x00000022       0x23 c:/devkitpro/devkitarm/bin/../lib/gcc/arm-none-eabi/6.3.0/../../../../arm-none-eabi/lib/thumb\libsysbase.a(malloc_vars.o)
 .comment       0x00000022       0x23 c:/devkitpro/devkitarm/bin/../lib/gcc/arm-none-eabi/6.3.0/thumb/crtend.o

.ARM.attributes
                0x00000000       0x2c
 .ARM.attributes
                0x00000000       0x20 c:/devkitpro/devkitarm/bin/../lib/gcc/arm-none-eabi/6.3.0/../../../../arm-none-eabi/lib/thumb/gba_crt0.o
 .ARM.attributes
                0x00000020       0x16 c:/devkitpro/devkitarm/bin/../lib/gcc/arm-none-eabi/6.3.0/thumb/crti.o
 .ARM.attributes
                0x00000036       0x30 c:/devkitpro/devkitarm/bin/../lib/gcc/arm-none-eabi/6.3.0/thumb/crtbegin.o
 .ARM.attributes
                0x00000066       0x2c drawing.o
 .ARM.attributes
                0x00000092       0x2c main.o
 .ARM.attributes
                0x000000be       0x2c snake.o
 .ARM.attributes
                0x000000ea       0x30 c:/devkitpro/devkitarm/bin/../lib/gcc/arm-none-eabi/6.3.0/../../../../arm-none-eabi/lib/thumb\libg.a(lib_a-init.o)
 .ARM.attributes
                0x0000011a       0x30 c:/devkitpro/devkitarm/bin/../lib/gcc/arm-none-eabi/6.3.0/../../../../arm-none-eabi/lib/thumb\libsysbase.a(malloc_vars.o)
 .ARM.attributes
                0x0000014a       0x30 c:/devkitpro/devkitarm/bin/../lib/gcc/arm-none-eabi/6.3.0/thumb/crtend.o
 .ARM.attributes
                0x0000017a       0x16 c:/devkitpro/devkitarm/bin/../lib/gcc/arm-none-eabi/6.3.0/thumb/crtn.o

.debug
 *(.debug)

.line
 *(.line)

.debug_srcinfo
 *(.debug_srcinfo)

.debug_sfnames
 *(.debug_sfnames)

.debug_aranges  0x00000000       0x68
 *(.debug_aranges)
 .debug_aranges
                0x00000000       0x20 drawing.o
 .debug_aranges
                0x00000020       0x28 main.o
 .debug_aranges
                0x00000048       0x20 snake.o

.debug_pubnames
 *(.debug_pubnames)

.debug_info     0x00000000     0x13e7
 *(.debug_info)
 .debug_info    0x00000000      0x1fd drawing.o
 .debug_info    0x000001fd      0xf88 main.o
 .debug_info    0x00001185      0x262 snake.o

.debug_abbrev   0x00000000      0x4f4
 *(.debug_abbrev)
 .debug_abbrev  0x00000000       0xde drawing.o
 .debug_abbrev  0x000000de      0x2f7 main.o
 .debug_abbrev  0x000003d5      0x11f snake.o

.debug_line     0x00000000      0x3bf
 *(.debug_line)
 .debug_line    0x00000000       0xdf drawing.o
 .debug_line    0x000000df      0x235 main.o
 .debug_line    0x00000314       0xab snake.o

.debug_frame    0x00000000      0x154
 *(.debug_frame)
 .debug_frame   0x00000000       0x68 drawing.o
 .debug_frame   0x00000068       0x70 main.o
 .debug_frame   0x000000d8       0x7c snake.o

.debug_str      0x00000000      0x719
 *(.debug_str)
 .debug_str     0x00000000      0x107 drawing.o
                                0x114 (size before relaxing)
 .debug_str     0x00000107      0x5c1 main.o
                                0x6ec (size before relaxing)
 .debug_str     0x000006c8       0x51 snake.o
                                0x18e (size before relaxing)

.debug_loc      0x00000000      0x57e
 *(.debug_loc)
 .debug_loc     0x00000000      0x4c8 drawing.o
 .debug_loc     0x000004c8       0x2b main.o
 .debug_loc     0x000004f3       0x8b snake.o

.debug_macinfo
 *(.debug_macinfo)

.debug_weaknames
 *(.debug_weaknames)

.debug_funcnames
 *(.debug_funcnames)

.debug_typenames
 *(.debug_typenames)

.debug_varnames
 *(.debug_varnames)

.stack          0x00080000        0x0
                0x00080000                _stack = .
 *(.stack)
LOAD c:/devkitpro/devkitarm/bin/../lib/gcc/arm-none-eabi/6.3.0/../../../../arm-none-eabi/lib/thumb/gba_crt0.o
LOAD c:/devkitpro/devkitarm/bin/../lib/gcc/arm-none-eabi/6.3.0/thumb/crti.o
LOAD c:/devkitpro/devkitarm/bin/../lib/gcc/arm-none-eabi/6.3.0/thumb/crtbegin.o
LOAD drawing.o
LOAD input.o
LOAD main.o
LOAD snake.o
LOAD text.o
LOAD c:/devkitPro/libgba/lib\libgba.a
START GROUP
LOAD c:/devkitpro/devkitarm/bin/../lib/gcc/arm-none-eabi/6.3.0/thumb\libgcc.a
LOAD c:/devkitpro/devkitarm/bin/../lib/gcc/arm-none-eabi/6.3.0/../../../../arm-none-eabi/lib/thumb\libg.a
LOAD c:/devkitpro/devkitarm/bin/../lib/gcc/arm-none-eabi/6.3.0/../../../../arm-none-eabi/lib/thumb\libc.a
LOAD c:/devkitpro/devkitarm/bin/../lib/gcc/arm-none-eabi/6.3.0/../../../../arm-none-eabi/lib/thumb\libsysbase.a
END GROUP
LOAD c:/devkitpro/devkitarm/bin/../lib/gcc/arm-none-eabi/6.3.0/thumb/crtend.o
LOAD c:/devkitpro/devkitarm/bin/../lib/gcc/arm-none-eabi/6.3.0/thumb/crtn.o
OUTPUT(w:/GBA/2_Snake/gbasnake/gbasnake_mb.elf elf32-littlearm)

.debug_ranges   0x00000000      0x1e0
 .debug_ranges  0x00000000      0x100 drawing.o
 .debug_ranges  0x00000100       0xe0 main.o
